Local files: 130 | excluding 36 duplicates + charterhouse | pushing 95
  OK    2-by-bamboo-11-300km-across-6-countries: id=1000581890422 updated (2406b)
  OK    a-family-ride-like-no-other-the-swiss-bamboo-tandem: id=999694926198 updated (1888b)
  OK    adams-flax-build-video-series: id=662268969178 updated (2717b)
  OK    bamboo-29er-built-by-becca-as-part-of-limitlessecoadventure-travelling-around-the-world-for-the-ne: id=1000556888438 updated (1787b)
  OK    bamboo-bicycle-club-partners-with-southbank-university-a-new-hub-for-sustainable-bike-building: id=662655402202 updated (2320b)
  OK    bamboo-bike-building-transforming-lives-at-lowdham-grange-prison: id=998427787638 updated (2260b)
  OK    bamboo-carbon-build-frame-is-a-road-frame-with-a-all-purpose-geometry-allowing-for-some-35mm-gra: id=1000554135926 updated (1451b)
  OK    bamboo-road-bike-built-by-dave-from-road-cc-as-part-of-a-video-series-bamboobicycle-bamboobike: id=1000552726902 updated (1568b)
  OK    bamboo-testing-with-swansea-university: id=589038944474 updated (3372b)
  OK    bamboo-wheelchair-global-health-disability-design: id=1000577401206 updated (2615b)
  OK    bikebiz-bamboo-bicycle-club-and-oxford-brookes-build-worlds-first-3d-printed-bamboo-bike: id=1000687927670 updated (1828b)
  OK    bit-of-bikepacking-using-our-road-carbon-kit-thanks-for-the-photo-from-jeremy-in-france: id=1000554922358 updated (1780b)
  OK    blackhorse-lane-open-weekend-bamboo-building: id=1000592114038 updated (1859b)
  OK    build-to-bond-hmp-lowdham-grange-impact: id=1000576811382 updated (3776b)
  OK    build-to-bond-the-full-story-of-how-bamboo-bikes-are-rebuilding-family-connections-in-prison-2: id=1000878801270 updated (3086b)
  OK    building-10-bikes-with-macallan-whisky: id=662256746714 updated (2081b)
  OK    building-with-bamboo-how-four-seasons-senior-team-crafted-a-bike-in-three-hours: id=998429622646 updated (2975b)
  OK    claire-five-years-london-commuter-bamboo-bicycle: id=1000577270134 updated (1265b)
  OK    cnn-money-how-bamboo-bicycle-club-sells-build-your-own-bikes-to-the-world: id=1000687141238 updated (1817b)
  OK    core77-build-a-bamboo-bike-in-under-5-hours-biy-kit-named-best-of-2016: id=1000687960438 updated (2231b)
  OK    cornwall-live-eden-projects-bamboo-bike-comes-home-after-epic-8-000-mile-journey: id=1000688517494 updated (2448b)
  OK    corporate-team-build-upcycle-brixton-bamboo-balance-bikes: id=1000577171830 updated (2264b)
  OK    coventry-university-bbc-at-uk-bamboo-summit: id=1000592245110 updated (2832b)
  OK    coventry-university-bbc-at-uk-bamboo-summit-2024: id=1000591720822 updated (3201b)
  OK    cycling-electric-a-flatpack-e-cargo-bike-bamboo-bicycle-club-revolutionises-city-transport: id=1000628257142 updated (1972b)
  OK    design-collaboration-with-presca: id=587498062042 updated (2263b)
  OK    design-museum-cycle-revolution-exhibition-bbc-frame-on-display: id=1000627437942 updated (3581b)
  OK    designboom-bamboo-bicycle-club-lets-you-build-your-own-sustainable-commute: id=1000688746870 updated (1878b)
  OK    development-of-new-lugs: id=585700606135 updated (3236b)
  OK    dr-tom-and-dr-nick-uk-to-singapore-for-msf: id=1000581857654 updated (2913b)
  OK    engineering-club-a-free-public-lecture-on-bamboo-bike-design: id=1000581529974 updated (2984b)
  OK    fast-company-this-custom-200-bike-frame-could-be-3-d-printed-in-your-living-room: id=1000627765622 updated (1683b)
  OK    financial-times-how-bamboo-bicycle-club-is-helping-to-break-the-prison-cycle: id=1000627077494 updated (4169b)
  OK    gcn-build-and-review-a-bamboo-gravel-bike: id=586819436762 updated (2023b)
  OK    gervase-bamboo-cargo-trike-livelihood-mobile-workshop: id=1000577433974 updated (3139b)
  OK    ghana-bamboo-bikes-international-collaboration-at-birmingham-festival: id=1000582054262 updated (2954b)
  OK    grand-designs-live-kevin-mcclouds-green-heroes: id=1000627306870 updated (1753b)
  OK    great-photo-by-carboncyclekate-images-from-the-tough-n-fabulous-ride-across-eduardo-alvaroa-nationa: id=1000552661366 updated (1908b)
  OK    heres-a-great-picture-from-cecily-she-finished-all-here-now-award-winning-frames-and-patience-is-k: id=1000552006006 updated (1647b)
  OK    hilton-bankside-staff-training-and-public-hire-bikes: id=1000581824886 updated (2871b)
  OK    huck-magazine-knowledge-sharing-over-profit-making: id=1000627569014 updated (1310b)
  OK    ifb2016-bamboo-bicycle-club-selected-for-uk-government-great-britain-innovation-showcase: id=1000688353654 updated (2776b)
  OK    inhabitat-worlds-most-advanced-bamboo-racing-bike-on-display-at-the-design-museum: id=1000688320886 updated (2336b)
  OK    inside-time-bamboozling-way-to-build-bikes-bamboo-bicycle-club-at-lowdham-grange: id=1000688714102 updated (2777b)
  OK    insideevs-check-out-bamboo-bicycle-clubs-unique-e-cargo-bike: id=1000628191606 updated (1411b)
  OK    introduction-to-bamboo: id=573382951095 updated (2773b)
  OK    jon-on-his-bamboo-gravel-bike-built-using-flax-and-bamboo-eppingforest: id=1000554987894 updated (1367b)
  OK    jon-one-hand-bamboo-bicycle-disability-inclusion: id=1000577073526 updated (1623b)
  OK    just-been-updating-some-photography-unleash-your-inner-craftsman-%F0%9F%9A%B4%E2%80%8D-%EF%B8%8F-with-our-gravel-kit: id=1000553709942 updated (3853b)
  OK    justin-six-years-bikepacking-bamboo-bike: id=1000577237366 updated (2209b)
  OK    kate-rawles-8-288-miles-to-patagonia-on-a-bamboo-bike: id=1000581628278 updated (2730b)
  OK    kenya-bamboo-bicycle-building-skills-transfer: id=1000577368438 updated (2932b)
  OK    kings-college-london-bamboo-staff-workshop: id=1000592310646 updated (2189b)
  OK    life-cycle-south-america: id=492521881783 updated (2661b)
  OK    london-to-singapore-bamboo-bike-22000km: id=1000576942454 updated (2520b)
  OK    love-her-wild-interview-with-kate-rawles-on-her-bamboo-bike-expedition: id=1000628093302 updated (3298b)
  OK    luxembourg-city-history-museum-bamboo-bicycle-club-paris-exhibition: id=1000627405174 updated (2593b)
  OK    manish-sustainable-ai-bamboo-gravel-bike-london-brighton: id=1000577335670 updated (2797b)
  OK    mark-surrey-hills-bamboo-29er-mountain-bike-durability: id=1000577204598 updated (1358b)
  OK    metro-wood-wars-could-bamboo-branch-out-and-revolutionise-construction: id=1000627863926 updated (1770b)
  OK    miles_bartholomew_gibbons-city-build-using-our-carbon-and-bamboo-rack-featuring-jackthebikerack: id=1000558428534 updated (2192b)
  OK    new-build-by-frank-the-bike-is-outstanding-amazing-and-surprising-went-out-with-a-big-smile-and: id=1000555381110 updated (1991b)
  OK    new-schools-race-event-hosted-at-bradfield-colledge: id=662422454490 updated (3374b)
  OK    new-video-series-20-cargo-bike: id=590145192154 updated (2149b)
  OK    newbicyclejig: id=585421848759 updated (2636b)
  OK    only-one-earth: id=587548590298 updated (3738b)
  OK    outdoor-philosophy-why-kate-rawles-built-a-bamboo-bicycle: id=1000688812406 updated (2854b)
  OK    rebeka-with-her-finished-bamboo-belt-drive-bike-%E2%AD%90%EF%B8%8F%E2%AD%90%EF%B8%8F%E2%AD%90%EF%B8%8F%E2%AD%90%EF%B8%8F%E2%AD%90%EF%B8%8F-review-had-a-fan: id=1000557019510 updated (1587b)
  OK    reeds-school-end-of-term-bamboo-racing: id=1000581202294 updated (2214b)
  OK    regina-school-canada-bbc-bamboo-bike-support: id=1000592081270 updated (1881b)
  OK    reimagining-bicycle-craftsmanship-luxembourg-museum: id=593128521946 updated (2935b)
  OK    road-bike-carbon-and-bamboo-a-lightweight-with-simple-build-with-pre-lugged-joins-build-and-pictur: id=1000558264694 updated (2535b)
  OK    road-cc-dave-builds-a-bamboo-bike-the-5-part-bbc-kit-video-series: id=1000688386422 updated (1898b)
  OK    road-cc-racing-a-bamboo-bike: id=586819535066 updated (1923b)
  OK    soraya-bamboo-bike-build-zero-waste-transformation: id=1000577106294 updated (2537b)
  OK    southbank-utc-six-students-build-six-bikes: id=1000581103990 updated (1842b)
  OK    stoke-on-trent-college-bamboo-workshop-with-students: id=1000591753590 updated (3404b)
  OK    swoop-patagonia-why-kate-rawles-cycled-across-patagonia-on-a-bamboo-bike: id=1000688779638 updated (2421b)
  OK    teaching-stem-with-purpose-bamboo-bikes: id=1000878965110 updated (3694b)
  OK    team-building-with-gm-motors: id=589392150746 updated (2802b)
  OK    team-limitless-crossing-the-pyrenees-team-limitless-built-some-29er-touring-bikes-with-is-over-the: id=1000556298614 updated (1959b)
  OK    the-bbc-educational-kit-making-schools-programmes-scalable: id=1000581398902 updated (3406b)
  OK    the-guardian-environmental-activist-gears-up-for-6-000-mile-bamboo-bike-ride: id=1000686977398 updated (3031b)
  OK    the-hague-school-project-seven-bikes-in-a-classroom: id=1000581136758 updated (2824b)
  OK    the-macallan-whisky-masters-of-their-craft: id=1000581759350 updated (2872b)
  OK    the-monopolitan-crea-tu-propia-bicicleta-de-bambu-spanish-language-feature: id=1000688615798 updated (2243b)
  OK    the-oratory-school-bamboo-bike-workshop-for-students: id=1000591688054 updated (2621b)
  OK    the-telegraph-how-i-joined-the-bamboo-bicycle-club: id=1000687108470 updated (2431b)
  OK    the-university-of-texas-at-san-antonio-launches-bamboo-bicycle-club: id=662510534874 updated (1963b)
  OK    time-out-london-bamboo-bike-workshop-things-to-do-in-london: id=1000687894902 updated (1292b)
  OK    tour-de-sands: id=492523651255 updated (1884b)
  OK    treehugger-build-your-own-bike-at-the-bamboo-bicycle-club: id=1000627831158 updated (1470b)
  OK    ucl-masters-bamboo-electric-cargo-bike-university: id=1000577302902 updated (3424b)
  OK    uncrate-they-build-bikes-from-custom-bamboo-frames-and-they-love-what-they-do: id=1000687862134 updated (1392b)
  OK    working-with-flax-hint-and-tips: id=586867114202 updated (3968b)
DONE
